
> quadro@0.1.0 test:integration /home/zelzin/study/quadro
> vitest run -c tests/integration.config.ts


[1m[30m[46m RUN [49m[39m[22m [36mv4.1.5 [39m[90m/home/zelzin/study/quadro[39m

 [31m❯[39m tests/integration/rls/task_assignees.rls.test.ts [2m([22m[2m5 tests[22m[2m | [22m[33m5 skipped[39m[2m)[22m[32m 128[2mms[22m[39m
   [2m[90m↓[39m[22m admin can INSERT task_assignees for any user_id
   [2m[90m↓[39m[22m coord can INSERT task_assignees for any user_id
   [2m[90m↓[39m[22m efetivo can INSERT task_assignees with own user_id (self-assign)
   [2m[90m↓[39m[22m efetivo CANNOT INSERT task_assignees spoofing another user_id
     [2m[90m↓[39m[22m all authenticated personas can SELECT
 [31m❯[39m tests/integration/rls/tasks.rls.test.ts [2m([22m[2m11 tests[22m[2m | [22m[33m11 skipped[39m[2m)[22m[32m 169[2mms[22m[39m
     [2m[90m↓[39m[22m admin sees all tasks
     [2m[90m↓[39m[22m coord sees all tasks
     [2m[90m↓[39m[22m efetivo sees all tasks
     [2m[90m↓[39m[22m anon cannot select tasks
     [2m[90m↓[39m[22m admin can insert with own created_by
     [2m[90m↓[39m[22m efetivo can insert with own created_by
     [2m[90m↓[39m[22m spoofing — efetivo INSERT with created_by = admin → RLS blocks
     [2m[90m↓[39m[22m admin can update any task metadata
     [2m[90m↓[39m[22m efetivo cannot update task where not assignee
     [2m[90m↓[39m[22m admin can delete task
     [2m[90m↓[39m[22m efetivo cannot delete task
 [31m❯[39m tests/integration/rls/profiles.rls.test.ts [2m([22m[2m6 tests[22m[2m | [22m[31m4 failed[39m[2m)[22m[32m 199[2mms[22m[39m
[31m     [31m×[31m admin can SELECT all profiles[39m[32m 24[2mms[22m[39m
[31m     [31m×[31m coord can only SELECT own profile[39m[32m 17[2mms[22m[39m
[31m     [31m×[31m efetivo can only SELECT own profile[39m[32m 19[2mms[22m[39m
[31m     [31m×[31m admin can UPDATE any profile role[39m[32m 3[2mms[22m[39m
     [32m✓[39m efetivo CANNOT UPDATE profiles (even own)[32m 3[2mms[22m[39m
     [32m✓[39m coord CANNOT UPDATE profiles[32m 4[2mms[22m[39m
 [31m❯[39m tests/integration/actions/tasks.actions.test.ts [2m([22m[2m9 tests[22m[2m | [22m[31m9 failed[39m[2m)[22m[32m 191[2mms[22m[39m
[31m   [31m×[31m CA-06: efetivo creates task → ok: true, status backlog[39m[32m 18[2mms[22m[39m
[31m   [31m×[31m CA-07: createTask with assignees → status alocada[39m[32m 4[2mms[22m[39m
[31m   [31m×[31m CA-08: efetivo updateTask → FORBIDDEN, DB unchanged[39m[32m 5[2mms[22m[39m
[31m   [31m×[31m CA-09: efetivo updateTaskStatus finalizada → FORBIDDEN[39m[32m 3[2mms[22m[39m
[31m   [31m×[31m CA-10: efetivo (assignee) moves backlog → alocada → em_desenvolvimento → ok[39m[32m 5[2mms[22m[39m
[31m   [31m×[31m CA-13: updateUserRole rebaixar único admin → LAST_ADMIN[39m[32m 10[2mms[22m[39m
[31m     [31m×[31m CA-14: bulk add 4 entries via csv/newline/semicolon[39m[32m 5[2mms[22m[39m
[31m     [31m×[31m CA-15: duplicate entry → ok with ignore count[39m[32m 7[2mms[22m[39m
[31m   [31m×[31m CA-16: archiveUser único admin → LAST_ADMIN[39m[32m 6[2mms[22m[39m
 [31m❯[39m tests/integration/triggers/handle_new_user.test.ts [2m([22m[2m2 tests[22m[2m | [22m[31m2 failed[39m[2m)[22m[32m 230[2mms[22m[39m
[31m   [31m×[31m CA-17: email match beats domain match → profile gets email role[39m[32m 130[2mms[22m[39m
[31m   [31m×[31m CA-18: signup with non-whitelisted email → auth error, no profile[39m[32m 62[2mms[22m[39m
 [31m❯[39m tests/integration/rls/whitelist.rls.test.ts [2m([22m[2m4 tests[22m[2m | [22m[31m2 failed[39m[2m)[22m[33m 335[2mms[22m[39m
[31m     [31m×[31m admin can SELECT whitelist[39m[32m 151[2mms[22m[39m
[31m     [31m×[31m admin can INSERT to whitelist[39m[32m 5[2mms[22m[39m
     [32m✓[39m coord CANNOT SELECT whitelist[32m 94[2mms[22m[39m
     [32m✓[39m efetivo CANNOT INSERT to whitelist[32m 83[2mms[22m[39m

[31m⎯⎯⎯⎯⎯⎯[39m[1m[41m Failed Suites 2 [49m[22m[31m⎯⎯⎯⎯⎯⎯⎯[39m

[41m[1m FAIL [22m[49m tests/integration/rls/task_assignees.rls.test.ts[2m [ tests/integration/rls/task_assignees.rls.test.ts ][22m
[31m[1mTypeError[22m: Cannot read properties of null (reading 'id')[39m
[36m [2m❯[22m tests/integration/rls/task_assignees.rls.test.ts:[2m23:18[22m[39m
    [90m 21|[39m     [33m.[39m[34mselect[39m()
    [90m 22|[39m     [33m.[39m[34msingle[39m()
    [90m 23|[39m   taskId [33m=[39m data[33m![39m[33m.[39mid
    [90m   |[39m                  [31m^[39m
    [90m 24|[39m   ctx[33m.[39mtaskIds[33m.[39m[34mpush[39m(taskId)
    [90m 25|[39m })

[31m[2m⎯⎯⎯⎯⎯⎯⎯⎯⎯⎯⎯⎯⎯⎯⎯⎯⎯⎯⎯⎯⎯⎯⎯[1/19]⎯[22m[39m

[41m[1m FAIL [22m[49m tests/integration/rls/tasks.rls.test.ts[2m [ tests/integration/rls/tasks.rls.test.ts ][22m
[31m[1mTypeError[22m: Cannot read properties of null (reading 'id')[39m
[36m [2m❯[22m tests/integration/rls/tasks.rls.test.ts:[2m28:34[22m[39m
    [90m 26|[39m     adminClient.from('tasks').insert({ ...baseTask, title: 'rls-efetiv…
    [90m 27|[39m   ])
    [90m 28|[39m   adminTaskId   [33m=[39m tasks[[34m0[39m][33m.[39mdata[33m![39m[33m.[39mid
    [90m   |[39m                                  [31m^[39m
    [90m 29|[39m   coordTaskId   [33m=[39m tasks[[34m1[39m][33m.[39mdata[33m![39m[33m.[39mid
    [90m 30|[39m   efetivoTaskId [33m=[39m tasks[[34m2[39m][33m.[39mdata[33m![39m[33m.[39mid

[31m[2m⎯⎯⎯⎯⎯⎯⎯⎯⎯⎯⎯⎯⎯⎯⎯⎯⎯⎯⎯⎯⎯⎯⎯[2/19]⎯[22m[39m


[31m⎯⎯⎯⎯⎯⎯[39m[1m[41m Failed Tests 17 [49m[22m[31m⎯⎯⎯⎯⎯⎯⎯[39m

[41m[1m FAIL [22m[49m tests/integration/actions/tasks.actions.test.ts[2m > [22mCA-06: efetivo creates task → ok: true, status backlog
[31m[1mError[22m: Cannot find package '@/lib/actions/tasks' imported from /home/zelzin/study/quadro/tests/integration/actions/tasks.actions.test.ts[39m
[36m [2m❯[22m tests/integration/actions/tasks.actions.test.ts:[2m70:26[22m[39m
    [90m 68|[39m   _activeClient [33m=[39m client
    [90m 69|[39m
    [90m 70|[39m   [35mconst[39m { createTask } [33m=[39m [35mawait[39m [35mimport[39m([32m'@/lib/actions/tasks'[39m)
    [90m   |[39m                          [31m^[39m
    [90m 71|[39m   [35mconst[39m [33mTODAY[39m [33m=[39m [35mnew[39m [33mDate[39m()[33m.[39m[34mtoISOString[39m()[33m.[39m[34mslice[39m([34m0[39m[33m,[39m [34m10[39m)
    [90m 72|[39m

[31m[2m⎯⎯⎯⎯⎯⎯⎯⎯⎯⎯⎯⎯⎯⎯⎯⎯⎯⎯⎯⎯⎯⎯⎯[3/19]⎯[22m[39m

[41m[1m FAIL [22m[49m tests/integration/actions/tasks.actions.test.ts[2m > [22mCA-07: createTask with assignees → status alocada
[31m[1mError[22m: Cannot find package '@/lib/actions/tasks' imported from /home/zelzin/study/quadro/tests/integration/actions/tasks.actions.test.ts[39m
[36m [2m❯[22m tests/integration/actions/tasks.actions.test.ts:[2m102:26[22m[39m
    [90m100|[39m   _activeClient [33m=[39m client
    [90m101|[39m
    [90m102|[39m   [35mconst[39m { createTask } [33m=[39m [35mawait[39m [35mimport[39m([32m'@/lib/actions/tasks'[39m)
    [90m   |[39m                          [31m^[39m
    [90m103|[39m   [35mconst[39m [33mTODAY[39m [33m=[39m [35mnew[39m [33mDate[39m()[33m.[39m[34mtoISOString[39m()[33m.[39m[34mslice[39m([34m0[39m[33m,[39m [34m10[39m)
    [90m104|[39m

[31m[2m⎯⎯⎯⎯⎯⎯⎯⎯⎯⎯⎯⎯⎯⎯⎯⎯⎯⎯⎯⎯⎯⎯⎯[4/19]⎯[22m[39m

[41m[1m FAIL [22m[49m tests/integration/actions/tasks.actions.test.ts[2m > [22mCA-08: efetivo updateTask → FORBIDDEN, DB unchanged
[31m[1mTypeError[22m: Cannot read properties of null (reading 'id')[39m
[36m [2m❯[22m seedTask tests/integration/actions/tasks.actions.test.ts:[2m59:26[22m[39m
    [90m 57|[39m     [33m.[39m[34mselect[39m()
    [90m 58|[39m     [33m.[39m[34msingle[39m()
    [90m 59|[39m   ctx[33m.[39mtaskIds[33m.[39m[34mpush[39m(data[33m![39m[33m.[39mid)
    [90m   |[39m                          [31m^[39m
    [90m 60|[39m   [35mreturn[39m data[33m![39m[33m.[39mid
    [90m 61|[39m }
[90m [2m❯[22m tests/integration/actions/tasks.actions.test.ts:[2m129:18[22m[39m

[31m[2m⎯⎯⎯⎯⎯⎯⎯⎯⎯⎯⎯⎯⎯⎯⎯⎯⎯⎯⎯⎯⎯⎯⎯[5/19]⎯[22m[39m

[41m[1m FAIL [22m[49m tests/integration/actions/tasks.actions.test.ts[2m > [22mCA-09: efetivo updateTaskStatus finalizada → FORBIDDEN
[31m[1mTypeError[22m: Cannot read properties of null (reading 'id')[39m
[36m [2m❯[22m seedTask tests/integration/actions/tasks.actions.test.ts:[2m59:26[22m[39m
    [90m 57|[39m     [33m.[39m[34mselect[39m()
    [90m 58|[39m     [33m.[39m[34msingle[39m()
    [90m 59|[39m   ctx[33m.[39mtaskIds[33m.[39m[34mpush[39m(data[33m![39m[33m.[39mid)
    [90m   |[39m                          [31m^[39m
    [90m 60|[39m   [35mreturn[39m data[33m![39m[33m.[39mid
    [90m 61|[39m }
[90m [2m❯[22m tests/integration/actions/tasks.actions.test.ts:[2m158:18[22m[39m

[31m[2m⎯⎯⎯⎯⎯⎯⎯⎯⎯⎯⎯⎯⎯⎯⎯⎯⎯⎯⎯⎯⎯⎯⎯[6/19]⎯[22m[39m

[41m[1m FAIL [22m[49m tests/integration/actions/tasks.actions.test.ts[2m > [22mCA-10: efetivo (assignee) moves backlog → alocada → em_desenvolvimento → ok
[31m[1mTypeError[22m: Cannot read properties of null (reading 'id')[39m
[36m [2m❯[22m seedTask tests/integration/actions/tasks.actions.test.ts:[2m59:26[22m[39m
    [90m 57|[39m     [33m.[39m[34mselect[39m()
    [90m 58|[39m     [33m.[39m[34msingle[39m()
    [90m 59|[39m   ctx[33m.[39mtaskIds[33m.[39m[34mpush[39m(data[33m![39m[33m.[39mid)
    [90m   |[39m                          [31m^[39m
    [90m 60|[39m   [35mreturn[39m data[33m![39m[33m.[39mid
    [90m 61|[39m }
[90m [2m❯[22m tests/integration/actions/tasks.actions.test.ts:[2m176:18[22m[39m

[31m[2m⎯⎯⎯⎯⎯⎯⎯⎯⎯⎯⎯⎯⎯⎯⎯⎯⎯⎯⎯⎯⎯⎯⎯[7/19]⎯[22m[39m

[41m[1m FAIL [22m[49m tests/integration/actions/tasks.actions.test.ts[2m > [22mCA-13: updateUserRole rebaixar único admin → LAST_ADMIN
[31m[1mError[22m: Cannot find package '@/lib/actions/admin' imported from /home/zelzin/study/quadro/tests/integration/actions/tasks.actions.test.ts[39m
[36m [2m❯[22m tests/integration/actions/tasks.actions.test.ts:[2m202:30[22m[39m
    [90m200|[39m   _activeClient [33m=[39m ([35mawait[39m [34mgetPersonaSession[39m([32m'admin'[39m))[33m.[39mclient
    [90m201|[39m
    [90m202|[39m   [35mconst[39m { updateUserRole } [33m=[39m [35mawait[39m [35mimport[39m([32m'@/lib/actions/admin'[39m)
    [90m   |[39m                              [31m^[39m
    [90m203|[39m   [35mconst[39m result [33m=[39m [35mawait[39m [34mupdateUserRole[39m(adminId[33m,[39m [32m'efetivo'[39m)
    [90m204|[39m

[31m[2m⎯⎯⎯⎯⎯⎯⎯⎯⎯⎯⎯⎯⎯⎯⎯⎯⎯⎯⎯⎯⎯⎯⎯[8/19]⎯[22m[39m

[41m[1m FAIL [22m[49m tests/integration/actions/tasks.actions.test.ts[2m > [22maddToWhitelist[2m > [22mCA-14: bulk add 4 entries via csv/newline/semicolon
[31m[1mError[22m: Cannot find package '@/lib/actions/admin' imported from /home/zelzin/study/quadro/tests/integration/actions/tasks.actions.test.ts[39m
[36m [2m❯[22m tests/integration/actions/tasks.actions.test.ts:[2m217:32[22m[39m
    [90m215|[39m     _activeClient [33m=[39m ([35mawait[39m [34mgetPersonaSession[39m([32m'admin'[39m))[33m.[39mclient
    [90m216|[39m
    [90m217|[39m     [35mconst[39m { addToWhitelist } [33m=[39m [35mawait[39m [35mimport[39m([32m'@/lib/actions/admin'[39m)
    [90m   |[39m                                [31m^[39m
    [90m218|[39m     const result = await addToWhitelist('ca14a@wl.test, ca14b@wl.test\…
    [90m219|[39m

[31m[2m⎯⎯⎯⎯⎯⎯⎯⎯⎯⎯⎯⎯⎯⎯⎯⎯⎯⎯⎯⎯⎯⎯⎯[9/19]⎯[22m[39m

[41m[1m FAIL [22m[49m tests/integration/actions/tasks.actions.test.ts[2m > [22maddToWhitelist[2m > [22mCA-15: duplicate entry → ok with ignore count
[31m[1mError[22m: Cannot find package '@/lib/actions/admin' imported from /home/zelzin/study/quadro/tests/integration/actions/tasks.actions.test.ts[39m
[36m [2m❯[22m tests/integration/actions/tasks.actions.test.ts:[2m235:32[22m[39m
    [90m233|[39m
    [90m234|[39m     _activeClient [33m=[39m ([35mawait[39m [34mgetPersonaSession[39m([32m'admin'[39m))[33m.[39mclient
    [90m235|[39m     [35mconst[39m { addToWhitelist } [33m=[39m [35mawait[39m [35mimport[39m([32m'@/lib/actions/admin'[39m)
    [90m   |[39m                                [31m^[39m
    [90m236|[39m     const result = await addToWhitelist(`${existing}, ca15new@wl.test`…
    [90m237|[39m

[31m[2m⎯⎯⎯⎯⎯⎯⎯⎯⎯⎯⎯⎯⎯⎯⎯⎯⎯⎯⎯⎯⎯⎯[10/19]⎯[22m[39m

[41m[1m FAIL [22m[49m tests/integration/actions/tasks.actions.test.ts[2m > [22mCA-16: archiveUser único admin → LAST_ADMIN
[31m[1mError[22m: Cannot find package '@/lib/actions/admin' imported from /home/zelzin/study/quadro/tests/integration/actions/tasks.actions.test.ts[39m
[36m [2m❯[22m tests/integration/actions/tasks.actions.test.ts:[2m260:27[22m[39m
    [90m258|[39m
    [90m259|[39m   _activeClient [33m=[39m ([35mawait[39m [34mgetPersonaSession[39m([32m'admin'[39m))[33m.[39mclient
    [90m260|[39m   [35mconst[39m { archiveUser } [33m=[39m [35mawait[39m [35mimport[39m([32m'@/lib/actions/admin'[39m)
    [90m   |[39m                           [31m^[39m
    [90m261|[39m   [35mconst[39m result [33m=[39m [35mawait[39m [34marchiveUser[39m(adminId)
    [90m262|[39m

[31m[2m⎯⎯⎯⎯⎯⎯⎯⎯⎯⎯⎯⎯⎯⎯⎯⎯⎯⎯⎯⎯⎯⎯[11/19]⎯[22m[39m

[41m[1m FAIL [22m[49m tests/integration/rls/profiles.rls.test.ts[2m > [22mSELECT profiles[2m > [22madmin can SELECT all profiles
[31m[1mAssertionError[22m: expected { code: 'PGRST205', …(3) } to be null[39m

[32m- Expected:[39m
null

[31m+ Received:[39m
{
  "code": "PGRST205",
  "details": null,
  "hint": null,
  "message": "Could not find the table 'public.profiles' in the schema cache",
}

[36m [2m❯[22m tests/integration/rls/profiles.rls.test.ts:[2m24:19[22m[39m
    [90m 22|[39m       [33m.[39m[35mfrom[39m([32m'profiles'[39m)
    [90m 23|[39m       [33m.[39m[34mselect[39m([32m'id'[39m)
    [90m 24|[39m     [34mexpect[39m(error)[33m.[39m[34mtoBeNull[39m()
    [90m   |[39m                   [31m^[39m
    [90m 25|[39m     [34mexpect[39m(data[33m![39m[33m.[39mlength)[33m.[39m[34mtoBeGreaterThanOrEqual[39m([34m3[39m)
    [90m 26|[39m   })

[31m[2m⎯⎯⎯⎯⎯⎯⎯⎯⎯⎯⎯⎯⎯⎯⎯⎯⎯⎯⎯⎯⎯⎯[12/19]⎯[22m[39m

[41m[1m FAIL [22m[49m tests/integration/rls/profiles.rls.test.ts[2m > [22mSELECT profiles[2m > [22mcoord can only SELECT own profile
[31m[1mAssertionError[22m: expected { code: 'PGRST205', …(3) } to be null[39m

[32m- Expected:[39m
null

[31m+ Received:[39m
{
  "code": "PGRST205",
  "details": null,
  "hint": null,
  "message": "Could not find the table 'public.profiles' in the schema cache",
}

[36m [2m❯[22m tests/integration/rls/profiles.rls.test.ts:[2m32:19[22m[39m
    [90m 30|[39m       [33m.[39m[35mfrom[39m([32m'profiles'[39m)
    [90m 31|[39m       [33m.[39m[34mselect[39m([32m'id'[39m)
    [90m 32|[39m     [34mexpect[39m(error)[33m.[39m[34mtoBeNull[39m()
    [90m   |[39m                   [31m^[39m
    [90m 33|[39m     [34mexpect[39m(data[33m![39m[33m.[39mlength)[33m.[39m[34mtoBe[39m([34m1[39m)
    [90m 34|[39m     [34mexpect[39m(data[33m![39m[[34m0[39m][33m.[39mid)[33m.[39m[34mtoBe[39m(coordId)

[31m[2m⎯⎯⎯⎯⎯⎯⎯⎯⎯⎯⎯⎯⎯⎯⎯⎯⎯⎯⎯⎯⎯⎯[13/19]⎯[22m[39m

[41m[1m FAIL [22m[49m tests/integration/rls/profiles.rls.test.ts[2m > [22mSELECT profiles[2m > [22mefetivo can only SELECT own profile
[31m[1mAssertionError[22m: expected { code: 'PGRST205', …(3) } to be null[39m

[32m- Expected:[39m
null

[31m+ Received:[39m
{
  "code": "PGRST205",
  "details": null,
  "hint": null,
  "message": "Could not find the table 'public.profiles' in the schema cache",
}

[36m [2m❯[22m tests/integration/rls/profiles.rls.test.ts:[2m41:19[22m[39m
    [90m 39|[39m       [33m.[39m[35mfrom[39m([32m'profiles'[39m)
    [90m 40|[39m       [33m.[39m[34mselect[39m([32m'id'[39m)
    [90m 41|[39m     [34mexpect[39m(error)[33m.[39m[34mtoBeNull[39m()
    [90m   |[39m                   [31m^[39m
    [90m 42|[39m     [34mexpect[39m(data[33m![39m[33m.[39mlength)[33m.[39m[34mtoBe[39m([34m1[39m)
    [90m 43|[39m     [34mexpect[39m(data[33m![39m[[34m0[39m][33m.[39mid)[33m.[39m[34mtoBe[39m(efetivoId)

[31m[2m⎯⎯⎯⎯⎯⎯⎯⎯⎯⎯⎯⎯⎯⎯⎯⎯⎯⎯⎯⎯⎯⎯[14/19]⎯[22m[39m

[41m[1m FAIL [22m[49m tests/integration/rls/profiles.rls.test.ts[2m > [22mUPDATE profiles[2m > [22madmin can UPDATE any profile role
[31m[1mAssertionError[22m: expected { code: 'PGRST205', …(3) } to be null[39m

[32m- Expected:[39m
null

[31m+ Received:[39m
{
  "code": "PGRST205",
  "details": null,
  "hint": null,
  "message": "Could not find the table 'public.profiles' in the schema cache",
}

[36m [2m❯[22m tests/integration/rls/profiles.rls.test.ts:[2m54:19[22m[39m
    [90m 52|[39m       [33m.[39m[34mupdate[39m({ full_name[33m:[39m [32m'Test Coord Updated'[39m })
    [90m 53|[39m       [33m.[39m[34meq[39m([32m'id'[39m[33m,[39m coordId)
    [90m 54|[39m     [34mexpect[39m(error)[33m.[39m[34mtoBeNull[39m()
    [90m   |[39m                   [31m^[39m
    [90m 55|[39m   })
    [90m 56|[39m

[31m[2m⎯⎯⎯⎯⎯⎯⎯⎯⎯⎯⎯⎯⎯⎯⎯⎯⎯⎯⎯⎯⎯⎯[15/19]⎯[22m[39m

[41m[1m FAIL [22m[49m tests/integration/rls/whitelist.rls.test.ts[2m > [22mwhitelist RLS[2m > [22madmin can SELECT whitelist
[31m[1mAssertionError[22m: expected { code: 'PGRST205', …(3) } to be null[39m

[32m- Expected:[39m
null

[31m+ Received:[39m
{
  "code": "PGRST205",
  "details": null,
  "hint": null,
  "message": "Could not find the table 'public.whitelist' in the schema cache",
}

[36m [2m❯[22m tests/integration/rls/whitelist.rls.test.ts:[2m11:19[22m[39m
    [90m  9|[39m       [33m.[39m[35mfrom[39m([32m'whitelist'[39m)
    [90m 10|[39m       [33m.[39m[34mselect[39m([32m'id'[39m)
    [90m 11|[39m     [34mexpect[39m(error)[33m.[39m[34mtoBeNull[39m()
    [90m   |[39m                   [31m^[39m
    [90m 12|[39m     [34mexpect[39m(data)[33m.[39mnot[33m.[39m[34mtoBeNull[39m()
    [90m 13|[39m   })

[31m[2m⎯⎯⎯⎯⎯⎯⎯⎯⎯⎯⎯⎯⎯⎯⎯⎯⎯⎯⎯⎯⎯⎯[16/19]⎯[22m[39m

[41m[1m FAIL [22m[49m tests/integration/rls/whitelist.rls.test.ts[2m > [22mwhitelist RLS[2m > [22madmin can INSERT to whitelist
[31m[1mAssertionError[22m: expected { code: 'PGRST205', …(3) } to be null[39m

[32m- Expected:[39m
null

[31m+ Received:[39m
{
  "code": "PGRST205",
  "details": null,
  "hint": null,
  "message": "Could not find the table 'public.whitelist' in the schema cache",
}

[36m [2m❯[22m tests/integration/rls/whitelist.rls.test.ts:[2m21:19[22m[39m
    [90m 19|[39m       [33m.[39m[34mselect[39m()
    [90m 20|[39m       [33m.[39m[34msingle[39m()
    [90m 21|[39m     [34mexpect[39m(error)[33m.[39m[34mtoBeNull[39m()
    [90m   |[39m                   [31m^[39m
    [90m 22|[39m
    [90m 23|[39m     [90m// cleanup[39m

[31m[2m⎯⎯⎯⎯⎯⎯⎯⎯⎯⎯⎯⎯⎯⎯⎯⎯⎯⎯⎯⎯⎯⎯[17/19]⎯[22m[39m

[41m[1m FAIL [22m[49m tests/integration/triggers/handle_new_user.test.ts[2m > [22mCA-17: email match beats domain match → profile gets email role
[31m[1mTypeError[22m: Cannot read properties of null (reading 'role')[39m
[36m [2m❯[22m tests/integration/triggers/handle_new_user.test.ts:[2m38:19[22m[39m
    [90m 36|[39m     [33m.[39m[34meq[39m([32m'id'[39m[33m,[39m data[33m![39m[33m.[39muser[33m![39m[33m.[39mid)
    [90m 37|[39m     [33m.[39m[34msingle[39m()
    [90m 38|[39m   [34mexpect[39m(profile[33m![39m[33m.[39mrole)[33m.[39m[34mtoBe[39m([32m'admin'[39m)
    [90m   |[39m                   [31m^[39m
    [90m 39|[39m
    [90m 40|[39m   [90m// Also test a plain domain user[39m

[31m[2m⎯⎯⎯⎯⎯⎯⎯⎯⎯⎯⎯⎯⎯⎯⎯⎯⎯⎯⎯⎯⎯⎯[18/19]⎯[22m[39m

[41m[1m FAIL [22m[49m tests/integration/triggers/handle_new_user.test.ts[2m > [22mCA-18: signup with non-whitelisted email → auth error, no profile
[31m[1mAssertionError[22m: expected 'User already registered' to match /acesso negado|not authorized|denied/i[39m

[32m- Expected:[39m
/acesso negado|not authorized|denied/i

[31m+ Received:[39m
"User already registered"

[36m [2m❯[22m tests/integration/triggers/handle_new_user.test.ts:[2m75:26[22m[39m
    [90m 73|[39m   [90m// The trigger raises an exception → GoTrue returns error[39m
    [90m 74|[39m   [34mexpect[39m(error)[33m.[39mnot[33m.[39m[34mtoBeNull[39m()
    [90m 75|[39m   expect(error!.message).toMatch(/acesso negado|not authorized|denied/…
    [90m   |[39m                          [31m^[39m
    [90m 76|[39m   [34mexpect[39m(data[33m.[39muser)[33m.[39m[34mtoBeNull[39m()
    [90m 77|[39m

[31m[2m⎯⎯⎯⎯⎯⎯⎯⎯⎯⎯⎯⎯⎯⎯⎯⎯⎯⎯⎯⎯⎯⎯[19/19]⎯[22m[39m


[2m Test Files [22m [1m[31m6 failed[39m[22m[90m (6)[39m
[2m      Tests [22m [1m[31m17 failed[39m[22m[2m | [22m[1m[32m4 passed[39m[22m[2m | [22m[33m16 skipped[39m[90m (37)[39m
[2m   Start at [22m 09:59:55
[2m   Duration [22m 1.65s[2m (transform 221ms, setup 0ms, import 706ms, tests 1.25s, environment 1ms)[22m

 ELIFECYCLE  Command failed with exit code 1.
